2026-04-26 23:34:07,023	INFO worker.py:1814 -- Connecting to existing Ray cluster at address: 10.148.4.76:31311...
2026-04-26 23:34:07,193	INFO worker.py:2003 -- Connected to Ray cluster. View the dashboard at [1m[32mhttp://10.148.4.76:31312 [39m[22m
/usr/local/lib/python3.12/dist-packages/ray/_private/worker.py:2051: FutureWarning: Tip: In future versions of Ray, Ray will no longer override accelerator visible devices env var if num_gpus=0 or num_gpus=None (default). To enable this behavior and turn off this error message, set RAY_ACCEL_ENV_VAR_OVERRIDE_ON_ZERO=0
  warnings.warn(
Traceback (most recent call last):
  File "/scratch/zhoul0e/ReGraphv2/Scripts/ray_opt_ablation/ray_opt_ablation.py", line 1341, in <module>
    raise SystemExit(main())
                     ^^^^^^
  File "/scratch/zhoul0e/ReGraphv2/Scripts/ray_opt_ablation/ray_opt_ablation.py", line 1195, in main
    task3_success, task3_fail, task3_skipped, _ = runner.run(
                                                  ^^^^^^^^^^^
  File "/scratch/zhoul0e/ReGraphv2/Scripts/ray_opt_ablation/ray_opt_ablation.py", line 906, in run
    self.logger.write_failures(stage, failures)
  File "/scratch/zhoul0e/ReGraphv2/Scripts/ray_opt_ablation/ray_opt_ablation.py", line 157, in write_failures
    with path.open("a", encoding="utf-8") as handle:
         ^^^^^^^^^^^^^^^^^^^^^^^^^^^^^^^^
  File "/usr/lib/python3.12/pathlib.py", line 1015, in open
    return io.open(self, mode, buffering, encoding, errors, newline)
           ^^^^^^^^^^^^^^^^^^^^^^^^^^^^^^^^^^^^^^^^^^^^^^^^^^^^^^^^^
OSError: [Errno 122] Disk quota exceeded: '/scratch/zhoul0e/Dataset-1-O0/logs/stage_failures/task3.txt'
srun: error: nid00509: task 0: Exited with exit code 1
srun: Terminating StepId=11691311.7
/bin/bash: line 13: /scratch/zhoul0e/regraphv2_logs/slurm_ray_opt_ablation/ray_step_state_11691311/failures/head@nid00509.failed: Disk quota exceeded
/bin/bash: line 13: /scratch/zhoul0e/regraphv2_logs/slurm_ray_opt_ablation/ray_step_state_11691311/failures/worker@nid00510.failed: Disk quota exceeded
