[2026-04-26 23:33:32] loading Singularity module
[2026-04-26 23:33:32] job_id=11691311
[2026-04-26 23:33:32] repo_root=/scratch/zhoul0e/ReGraphv2
[2026-04-26 23:33:32] node_list=nid[00509-00510]
[2026-04-26 23:33:32] nodes=nid00509 nid00510
[2026-04-26 23:33:32] head_node=nid00509
[2026-04-26 23:33:32] head_ip=10.148.4.76
[2026-04-26 23:33:32] ray_address=10.148.4.76:31311
[2026-04-26 23:33:32] dashboard_port=31312
[2026-04-26 23:33:32] expected_nodes=2
[2026-04-26 23:33:32] cpus_per_node=384
[2026-04-26 23:33:32] expected_total_cpus=768
[2026-04-26 23:33:32] worker_port_span=900
[2026-04-26 23:33:32] head_worker_port_range=31411-32310
[2026-04-26 23:33:32] opt_level=O0
[2026-04-26 23:33:32] dataset_path=/scratch/zhoul0e/Dataset-1
[2026-04-26 23:33:32] output_path=
[2026-04-26 23:33:32] cache_root=/tmp/regraph_11691311
[2026-04-26 23:33:32] hf_datasets_cache=/tmp/regraph_11691311/huggingface/datasets
[2026-04-26 23:33:32] smoke=0 resume=0 force_clean=0
[2026-04-26 23:33:32] driver_extra_args=
[2026-04-26 23:33:32] pre-cleaning any stale Ray processes on allocated nodes
[2026-04-26 23:33:32] cleanup: stopping Ray on all nodes
[2026-04-26 23:33:32] cleanup: ray stop --force on nid00509
[2026-04-26 23:33:35] cleanup: ray stop --force on nid00510
[2026-04-26 23:33:38] starting Ray head on nid00509
2026-04-26 23:33:40,477	INFO usage_lib.py:448 -- Usage stats collection is disabled.
2026-04-26 23:33:40,477	INFO scripts.py:940 -- [37mLocal node IP[39m: [1m10.148.4.76[22m
2026-04-26 23:33:46,075	SUCC scripts.py:979 -- [32m--------------------[39m
2026-04-26 23:33:46,075	SUCC scripts.py:980 -- [32mRay runtime started.[39m
2026-04-26 23:33:46,075	SUCC scripts.py:981 -- [32m--------------------[39m
2026-04-26 23:33:46,075	INFO scripts.py:983 -- [36mNext steps[39m
2026-04-26 23:33:46,076	INFO scripts.py:986 -- To add another node to this Ray cluster, run
2026-04-26 23:33:46,076	INFO scripts.py:989 -- [1m  ray start --address='10.148.4.76:31311'[22m
2026-04-26 23:33:46,076	INFO scripts.py:1000 -- To connect to this Ray cluster:
2026-04-26 23:33:46,076	INFO scripts.py:1002 -- [35mimport[39m[26m ray
2026-04-26 23:33:46,076	INFO scripts.py:1003 -- ray[35m.[39m[26minit(_node_ip_address[35m=[39m[26m[33m'10.148.4.76'[39m[26m)
2026-04-26 23:33:46,076	INFO scripts.py:1017 -- To submit a Ray job using the Ray Jobs CLI:
2026-04-26 23:33:46,076	INFO scripts.py:1018 -- [1m  RAY_API_SERVER_ADDRESS='http://10.148.4.76:31312' ray job submit --working-dir . -- python my_script.py[22m
2026-04-26 23:33:46,076	INFO scripts.py:1027 -- See https://docs.ray.io/en/latest/cluster/running-applications/job-submission/index.html 
2026-04-26 23:33:46,076	INFO scripts.py:1031 -- for more information on submitting Ray jobs to the Ray cluster.
2026-04-26 23:33:46,076	INFO scripts.py:1036 -- To terminate the Ray runtime, run
2026-04-26 23:33:46,076	INFO scripts.py:1037 -- [1m  ray stop[22m
2026-04-26 23:33:46,076	INFO scripts.py:1040 -- To view the status of the cluster, use
2026-04-26 23:33:46,076	INFO scripts.py:1041 --   [1mray status[22m[26m
2026-04-26 23:33:46,076	INFO scripts.py:1045 -- To monitor and debug Ray, view the dashboard at 
2026-04-26 23:33:46,076	INFO scripts.py:1046 --   [1m10.148.4.76:31312[22m[26m
2026-04-26 23:33:46,076	INFO scripts.py:1053 -- [4mIf connection to the dashboard fails, check your firewall settings and network configuration.[24m
2026-04-26 23:33:46,076	INFO scripts.py:1159 -- [36m[1m--block[22m[39m
2026-04-26 23:33:46,076	INFO scripts.py:1160 -- This command will now block forever until terminated by a signal.
2026-04-26 23:33:46,076	INFO scripts.py:1163 -- Running subprocesses are monitored and a message will be printed if any of them terminate unexpectedly. Subprocesses exit with SIGTERM will be treated as graceful, thus NOT reported.
2026-04-26 23:33:46,076	INFO scripts.py:1168 -- Process exit logs will be saved to: [1m/tmp/regraph_11691311/session_2026-04-26_23-33-40_479354_2976982/logs/ray_process_exit.log[22m[26m
[2026-04-26 23:33:49] starting Ray worker on nid00510 with ip=10.148.4.94 worker_port_range=32411-33310
2026-04-26 23:33:50,706	INFO scripts.py:1128 -- [37mLocal node IP[39m: [1m10.148.4.94[22m
2026-04-26 23:33:51,927	SUCC scripts.py:1144 -- [32m--------------------[39m
2026-04-26 23:33:51,927	SUCC scripts.py:1145 -- [32mRay runtime started.[39m
2026-04-26 23:33:51,927	SUCC scripts.py:1146 -- [32m--------------------[39m
2026-04-26 23:33:51,927	INFO scripts.py:1148 -- To terminate the Ray runtime, run
2026-04-26 23:33:51,927	INFO scripts.py:1149 -- [1m  ray stop[22m
2026-04-26 23:33:51,927	INFO scripts.py:1159 -- [36m[1m--block[22m[39m
2026-04-26 23:33:51,927	INFO scripts.py:1160 -- This command will now block forever until terminated by a signal.
2026-04-26 23:33:51,927	INFO scripts.py:1163 -- Running subprocesses are monitored and a message will be printed if any of them terminate unexpectedly. Subprocesses exit with SIGTERM will be treated as graceful, thus NOT reported.
2026-04-26 23:33:51,927	INFO scripts.py:1168 -- Process exit logs will be saved to: [1m/tmp/regraph_11691311/session_2026-04-26_23-33-40_479354_2976982/logs/ray_process_exit.log[22m[26m
[2026-04-26 23:34:04] ray status from head node
======== Autoscaler status: 2026-04-26 23:34:03.923844 ========
Node status
---------------------------------------------------------------
Active:
 1 node_168e4241ed63a7b6d7f3b5f8487bed4f804cdb2f436269089f0a1b22
 1 node_85b110facad954ad4de75aab18c7d5aaafa1bd1d131e8a85bfac0456
Pending:
 (no pending nodes)
Recent failures:
 (no failures)

Resources
---------------------------------------------------------------
Total Usage:
 0.0/768.0 CPU
 0B/517.46GiB memory
 0B/221.77GiB object_store_memory

From request_resources:
 (none)
Pending Demands:
 (no resource demands)
[2026-04-26 23:34:05] running Ray opt ablation driver on head node (bypassing ray job submit API)
[2026-04-26 23:34:07] repo_root=/scratch/zhoul0e/ReGraphv2
[2026-04-26 23:34:07] dataset_path=/scratch/zhoul0e/Dataset-1
[2026-04-26 23:34:07] output_root=/scratch/zhoul0e/Dataset-1-O0
[2026-04-26 23:34:07] opt_level=-O0
[2026-04-26 23:34:07] HF_ASSETS_CACHE=/tmp/regraph_11691311/huggingface/assets
[2026-04-26 23:34:07] 
HF_DATASETS_CACHE=/tmp/regraph_11691311/huggingface/datasets
[2026-04-26 23:34:07] HF_HOME=/tmp/regraph_11691311/huggingface
[2026-04-26 23:34:07] HF_HUB_CACHE=/tmp/regraph_11691311/huggingface/hub
[2026-04-26 23:34:07] REGRAPH_CACHE_ROOT=/tmp/regraph_11691311
[2026-04-26 23:34:07] TMPDIR=/tmp/regraph_11691311/tmp
[2026-04-26 23:34:07] 
TRANSFORMERS_CACHE=/tmp/regraph_11691311/huggingface/transformers
[2026-04-26 23:34:07] XDG_CACHE_HOME=/tmp/regraph_11691311/xdg
[2026-04-26 23:34:13] ray_cluster_resources={'node:__internal_head__': 1.0, 
'node:10.148.4.76': 1.0, 'object_store_memory': 238120734719.0, 'CPU': 768.0, 
'memory': 555615047681.0, 'node:10.148.4.94': 1.0}
[2026-04-26 23:34:13] ray_cluster_cpus=768
[2026-04-26 23:34:13] stage=task2 total=5169 run=5169 skipped=0 chunk_size=2
[2026-04-26 23:35:08] stage=task2 
failure=/scratch/zhoul0e/Dataset-1/train/openssl/arm32-clang-3.5-O1_libcrypto.so
.3.ll 
error=/scratch/zhoul0e/Dataset-1/train/openssl/arm32-clang-3.5-O1_libcrypto.so.3
.ll:67784:6: error: branch condition must have 'i1' type
 67784 |   br i32 %".33"
       |      ^
1 error generated.

[2026-04-26 23:35:08] stage=task2 
failure=/scratch/zhoul0e/Dataset-1/train/openssl/arm32-clang-3.5-O1_openssl.ll 
error=/scratch/zhoul0e/Dataset-1/train/openssl/arm32-clang-3.5-O1_openssl.ll:751
77:6: error: branch condition must have 'i1' type
 75177 |   br i8* (i32)* @"sub_665F8"
       |      ^
1 error generated.

[2026-04-26 23:35:08] stage=task2 
failure=/scratch/zhoul0e/Dataset-1/train/openssl/arm32-clang-3.5-O3_openssl.ll 
error=/scratch/zhoul0e/Dataset-1/train/openssl/arm32-clang-3.5-O3_openssl.ll:769
49:6: error: branch condition must have 'i1' type
 76949 |   br i8* (i32)* @"sub_6636C"
       |      ^
1 error generated.

[2026-04-26 23:35:08] stage=task2 
failure=/scratch/zhoul0e/Dataset-1/train/openssl/arm32-clang-5.0-O2_libcrypto.so
.3.ll 
error=/scratch/zhoul0e/Dataset-1/train/openssl/arm32-clang-5.0-O2_libcrypto.so.3
.ll:204194:6: error: branch condition must have 'i1' type
 204194 |   br i32 %".32"
        |      ^
1 error generated.

[2026-04-26 23:35:08] stage=task2 
failure=/scratch/zhoul0e/Dataset-1/train/openssl/arm32-clang-3.5-O2_openssl.ll 
error=/scratch/zhoul0e/Dataset-1/train/openssl/arm32-clang-3.5-O2_openssl.ll:760
36:6: error: branch condition must have 'i1' type
 76036 |   br i8* (i32)* @"sub_65820"
       |      ^
1 error generated.

[2026-04-26 23:35:08] stage=task2 additional_failures=7
[2026-04-26 23:35:08] stage=task2 complete success=5157 failed=12 skipped=0 
shards=0
[2026-04-26 23:35:08] stage=task3 total=5157 run=5157 skipped=0 chunk_size=2
overall                                                                       … 
task2 | train:s=3419,f=9,k=0 | validation:s=939,f=1,k=0 | test:s=799,f=2,k=0  … 
task3 | train:s=2571,f=848,k=0 | validation:s=863,f=76,k=0 | test:s=282,f=51… … 
[2026-04-26 23:37:17] ERROR: driver execution failed status=1
[2026-04-26 23:37:17] cleanup: stopping Ray on all nodes
[2026-04-26 23:37:17] cleanup: ray stop --force on nid00509
[ray-step] head@nid00509 exited with status=1
[2026-04-26 23:37:21] cleanup: ray stop --force on nid00510
[ray-step] worker@nid00510 exited with status=1
