Task1 multi-node shard runner
Input: /scratch/zhoul0e/Dataset-1
Output root: /scratch/zhoul0e/Dataset-1-lift/Dataset-1
Shard: 1/2
Total candidate files: 5490
Shard candidate files: 2745
To process after resume/max-files: 587
Workers: 384
Timeout per file: 300s
Log: /scratch/zhoul0e/ReGraphv2/Scripts/ray_opt_ablation/slurm_logs/task1_multinode/task1_multinode_11701909_1.log
Failed list: /scratch/zhoul0e/ReGraphv2/Scripts/ray_opt_ablation/slurm_logs/task1_multinode/task1_multinode_failed_11701909_1.txt
progress 50/587 success=0 failed=50 elapsed=52.0s
progress 100/587 success=0 failed=100 elapsed=60.8s
progress 150/587 success=0 failed=150 elapsed=96.2s
progress 200/587 success=30 failed=170 elapsed=265.6s
progress 250/587 success=39 failed=211 elapsed=301.0s
progress 300/587 success=39 failed=261 elapsed=301.3s
progress 350/587 success=39 failed=311 elapsed=301.4s
progress 400/587 success=39 failed=361 elapsed=301.5s
progress 450/587 success=44 failed=406 elapsed=351.8s
progress 500/587 success=44 failed=456 elapsed=359.2s
progress 550/587 success=44 failed=506 elapsed=437.5s
progress 587/587 success=44 failed=543 elapsed=567.5s
Final summary
Success: 44
Failed: 543
Failed list: /scratch/zhoul0e/ReGraphv2/Scripts/ray_opt_ablation/slurm_logs/task1_multinode/task1_multinode_failed_11701909_1.txt
