Task1 multi-node shard runner
Input: /scratch/zhoul0e/Dataset-1
Output root: /scratch/zhoul0e/Dataset-1-lift/Dataset-1
Shard: 0/2
Total candidate files: 5490
Shard candidate files: 2745
To process after resume/max-files: 333
Workers: 384
Timeout per file: 300s
Log: /scratch/zhoul0e/ReGraphv2/Scripts/ray_opt_ablation/slurm_logs/task1_multinode/task1_multinode_11701909_0.log
Failed list: /scratch/zhoul0e/ReGraphv2/Scripts/ray_opt_ablation/slurm_logs/task1_multinode/task1_multinode_failed_11701909_0.txt
progress 50/333 success=0 failed=50 elapsed=52.4s
progress 100/333 success=0 failed=100 elapsed=64.0s
progress 150/333 success=3 failed=147 elapsed=122.5s
progress 200/333 success=28 failed=172 elapsed=272.8s
progress 250/333 success=29 failed=221 elapsed=300.9s
progress 300/333 success=29 failed=271 elapsed=301.2s
progress 333/333 success=29 failed=304 elapsed=304.8s
Final summary
Success: 29
Failed: 304
Failed list: /scratch/zhoul0e/ReGraphv2/Scripts/ray_opt_ablation/slurm_logs/task1_multinode/task1_multinode_failed_11701909_0.txt
